============================= test session starts ==============================
platform linux2 -- Python 2.6.5 -- pytest-2.3.4 -- /usr/bin/python
plugins: xdist
collecting ... collected 53 items

...

=================================== FAILURES ===================================
____________________________ UnitTest.test_default _____________________________

....

/usr/lib/python2.6/ConfigParser.py:540: NoOptionError
===================== 37 failed, 16 passed in 1.25 seconds =====================
